#-----------------------------------------------------------
# Vivado v2018.2 (64-bit)
# SW Build 2258646 on Thu Jun 14 20:03:12 MDT 2018
# IP Build 2256618 on Thu Jun 14 22:10:49 MDT 2018
# Start of session at: Sun Jul 28 18:45:58 2024
# Process ID: 2776
# Current directory: E:/Vivado/Gate_Level_Designs/full_adder
# Command line: vivado.exe -gui_launcher_event rodinguilauncherevent12664 E:\Vivado\Gate_Level_Designs\full_adder\full_adder.xpr
# Log file: E:/Vivado/Gate_Level_Designs/full_adder/vivado.log
# Journal file: E:/Vivado/Gate_Level_Designs/full_adder\vivado.jou
#-----------------------------------------------------------
start_gui
open_project E:/Vivado/Gate_Level_Designs/full_adder/full_adder.xpr
update_compile_order -fileset sources_1
synth_design -rtl -name rtl_1
launch_simulation
source full_adder_tb.tcl
close_sim
launch_simulation
launch_simulation
source full_adder_tb.tcl
close_sim
launch_simulation
source full_adder_tb.tcl
current_wave_config {Untitled 3}
add_wave {{/full_adder_tb/f1/w1}} {{/full_adder_tb/f1/w2}} {{/full_adder_tb/f1/w3}} 
run 10 us
relaunch_sim
close_sim
